// Vitest Snapshot v1, https://vitest.dev/guide/snapshot.html

exports[`Config.vue > matches the snapshot 1`] = `
"<div data-v-30bfe664="" class="app-config-telegram">
  <div data-v-30bfe664="" class="app-config-telegram__header">
    <div data-v-30bfe664="" class="app-config-telegram__header__title">
      <div data-v-30bfe664="" class="app-config-telegram__header__title__icon-container"><img data-v-30bfe664="" class="app-config-telegram__header__title__icon-container__icon" src="telegram-icon-url"></div>
      <div data-v-30bfe664="" class="app-config-telegram__header__title__name">Telegram App</div>
    </div><span data-v-30bfe664="" class="app-config-telegram__header__description">Learn more about how to integrate Telegram <a data-v-30bfe664="" href="https://docs.weni.ai/l/en/weni-integrations/adding-a-telegram-channel" target="_blank"><span data-v-30bfe664="">here.</span></a></span>
  </div>
  <div data-v-30bfe664="" class="app-config-telegram__settings__content">
    <section data-v-2d5913d6="" data-v-25ad98eb="" data-v-30bfe664="" class="unnnic-form-element unnnic-form-element--disabled unnnic-form md" data-testid="form-element">
      <section data-v-a4b997a0="" data-v-2d5913d6="" class="unnnic-label unnnic-form-element__label">
        <p data-v-a4b997a0="" class="unnnic-label__label">Token</p>
        <!---->
      </section>
      <div data-v-1a46ed8b="" data-v-25ad98eb="" class="text-input size--md unnnic-form-input" hascloudycolor="false" mask=""><input data-v-21958693="" data-v-1a46ed8b="" class="unnnic-form-input input-itself input size-md normal unnnic-form-input input-itself" hascloudycolor="false" placeholder="" iconleft="" iconright="" iconleftclickable="false" iconrightclickable="false" disabled="" showclear="false" type="text" value="valid-token">
        <!---->
        <section data-v-1a46ed8b="" class="icon-right-container">
          <!---->
          <!---->
        </section>
      </div>
      <!---->
    </section>
  </div>
  <div data-v-30bfe664="" class="app-config-telegram__settings__buttons"><button data-v-aadba593="" data-v-30bfe664="" class="app-config-telegram__settings__buttons__cancel unnnic-button unnnic-button--size-large unnnic-button--tertiary app-config-telegram__settings__buttons__cancel">
      <!---->
      <!---->
      <!----><span data-v-aadba593="" class="unnnic-button__label" style="visibility: visible;" data-testid="button-label"> Cancel</span>
      <!---->
    </button><button data-v-aadba593="" data-v-30bfe664="" class="app-config-telegram__settings__buttons__save unnnic-button unnnic-button--size-large unnnic-button--secondary app-config-telegram__settings__buttons__save" disabled="">
      <!---->
      <!---->
      <!----><span data-v-aadba593="" class="unnnic-button__label" style="visibility: visible;" data-testid="button-label"> Validate</span>
      <!---->
    </button></div>
</div>"
`;
