// Vitest Snapshot v1, https://vitest.dev/guide/snapshot.html

exports[`Config.vue > matches the snapshot 1`] = `
"<div data-v-30bfe664="" class="app-config-telegram">
  <div data-v-30bfe664="" class="app-config-telegram__header">
    <div data-v-30bfe664="" class="app-config-telegram__header__title">
      <div data-v-30bfe664="" class="app-config-telegram__header__title__icon-container"><img data-v-30bfe664="" class="app-config-telegram__header__title__icon-container__icon" src="telegram-icon-url"></div>
      <div data-v-30bfe664="" class="app-config-telegram__header__title__name">Telegram App</div>
    </div><span data-v-30bfe664="" class="app-config-telegram__header__description">Learn more about how to integrate Telegram <a data-v-30bfe664="" href="https://docs.weni.ai/l/en/weni-integrations/adding-a-telegram-channel" target="_blank"><span data-v-30bfe664="">here.</span></a></span>
  </div>
  <div data-v-30bfe664="" class="app-config-telegram__settings__content">
    <div data-v-fefd47bc="" data-v-30bfe664="" class="unnnic-form md" disabled="valid-token">
      <p data-v-fefd47bc="" class="unnnic-form__label">Token</p>
      <div data-v-c1401a33="" data-v-fefd47bc="" class="text-input size--md text-input--icon-right-size-sm unnnic-form-input" disabled="valid-token" mask=""><input data-v-0caa2ccb="" data-v-c1401a33="" disabled="" class="unnnic-form-input input-itself input size-md normal unnnic-form-input input-itself" placeholder="" iconrightsize="sm" hascloudycolor="false" type="text" value="valid-token">
        <!---->
        <!---->
      </div>
      <!---->
    </div>
  </div>
  <div data-v-30bfe664="" class="app-config-telegram__settings__buttons"><button data-v-d127031e="" data-v-30bfe664="" class="app-config-telegram__settings__buttons__cancel unnnic-button unnnic-button--size-large unnnic-button--tertiary app-config-telegram__settings__buttons__cancel">
      <!---->
      <!---->
      <!----><span data-v-d127031e="" class="unnnic-button__label" data-testid="button-label"> Cancel</span>
      <!---->
    </button><button data-v-d127031e="" data-v-30bfe664="" class="app-config-telegram__settings__buttons__save unnnic-button unnnic-button--size-large unnnic-button--secondary app-config-telegram__settings__buttons__save" disabled="">
      <!---->
      <!---->
      <!----><span data-v-d127031e="" class="unnnic-button__label" data-testid="button-label"> Validate</span>
      <!---->
    </button></div>
</div>"
`;
