// Jest Snapshot v1, https://goo.gl/fbAQLP

exports[`components/config/channels/whatsapp/components/CreateCatalogModalContent.vue should be rendered properly 1`] = `
<div class="modal">
  <div slot="message" class="modal__content"><span class="modal__content__title">Create catalog</span>
    <div class="modal__content__header"><span class="modal__content__header__title">Sending method</span> <span class="modal__content__header__description">Choose the way you want to send your catalog to start selling products via Whatsapp</span></div>
    <div class="modal__content__form">
      <div class="modal__content__form__options">
        <div class="modal__content__form__options__card selected">
          <div class="modal__content__form__options__card__icon"><img src="~@/assets/vtex_small.png" class="modal__content__form__options__card__icon__image"></div>
          <div class="modal__content__form__options__card__content"><span class="modal__content__form__options__card__content__title">VTEX Catalog</span> <span class="modal__content__form__options__card__content__description">
              Automatically connect your catalog through integration with the VTEX app
            </span></div>
        </div>
        <div class="modal__content__form__options__card">
          <div class="modal__content__form__options__card__icon"><img src="~@/assets/meta_small.png" class="modal__content__form__options__card__icon__image"></div>
          <div class="modal__content__form__options__card__content"><span class="modal__content__form__options__card__content__title">
              Facebook Meta
              <unnnic-icon icon="open_in_new" class="modal__content__form__options__card__content__title__icon"></unnnic-icon></span> <span class="modal__content__form__options__card__content__description">
              Create a catalog on Meta's Facebook, a new tab will be opened.
            </span></div>
        </div>
      </div> <span class="modal__content__form__footer">To connect your VTEX catalog you need to have integrated the VTEX app on the platform. If you haven't integrated yet, click here</span>
    </div>
  </div>
  <div class="modal__buttons">
    <unnnic-button slot="options" type="tertiary">
      Cancel
    </unnnic-button>
    <unnnic-button slot="options">
      Continue
    </unnnic-button>
  </div>
</div>
`;
