// Jest Snapshot v1, https://goo.gl/fbAQLP

exports[`AddModal.vue should be rendered properly 1`] = `
<unnnicmodal-stub text="some specific text" modalicon="check-circle-1-1" closeicon="true" scheme="feedback-green" class="add-modal" section="channel" type="add"><span>some specific text</span>
  <unnnicbutton-stub size="large" type="tertiary">some specific text</unnnicbutton-stub>
  <unnnicbutton-stub size="large" type="primary">
    some specific text
  </unnnicbutton-stub>
</unnnicmodal-stub>
`;
