// Jest Snapshot v1, https://goo.gl/fbAQLP

exports[`AppGrid.vue should be rendered properly 1`] = `
<div>
  <section id="app-grid">
    <div class="app-grid__header">
      <unnnicavataricon-stub enabled="true" icon="messages-bubble-1" size="sm" scheme="aux-purple"></unnnicavataricon-stub>
      <p class="app-grid__header__title">some specific text</p>
    </div>
    <div class="app-grid__content">
      <unnniccard-stub type="marketplace" title="Weni Web Chat" description="some specific text" percent="0" rating="4.9" comments="undefined some specific text" enabled="true" icon="https://weni-sp-push-dev.s3.sa-east-1.amazonaws.com/svg/logo-wwc.svg" iconsrc="https://weni-sp-push-dev.s3.sa-east-1.amazonaws.com/svg/logo-wwc.svg" infoposition="right" hasinformationicon="true" scheme="aux-blue" clickable="true" typeaction="add" buttonaction="[Function]" class="app-grid__content__item">
        <unnnicbutton-stub size="small" type="secondary" iconcenter="add-1" class="app-grid__content__item__button--add"></unnnicbutton-stub>
      </unnniccard-stub>
    </div>
  </section>
  <unnnicmodal-stub text="some specific text" modalicon="alert-circle-1" closeicon="true" scheme="feedback-red"><span>some specific text</span>
    <unnnicbutton-stub size="large" type="terciary">some specific text</unnnicbutton-stub>
    <unnnicbutton-stub size="large" type="primary">
      some specific text
    </unnnicbutton-stub>
  </unnnicmodal-stub>
  <unnnicmodal-stub text="some specific text" modalicon="check-circle-1-1" closeicon="true" scheme="feedback-green" class="add-modal"><span>some specific text</span>
    <unnnicbutton-stub size="large" type="terciary">some specific text</unnnicbutton-stub>
    <unnnicbutton-stub size="large" type="primary">
      some specific text
    </unnnicbutton-stub>
  </unnnicmodal-stub>
  <div>
    <transition-stub name="fade">
      <!---->
    </transition-stub>
    <unnnicmodal-stub text="some specific text" modalicon="alert-circle-1" closeicon="true" scheme="feedback-yellow"><span>some specific text</span>
      <unnnicbutton-stub size="large" type="terciary">
        some specific text
      </unnnicbutton-stub>
      <unnnicbutton-stub size="large" type="primary">
        some specific text
      </unnnicbutton-stub>
    </unnnicmodal-stub>
  </div>
  <!---->
</div>
`;
