// Jest Snapshot v1, https://goo.gl/fbAQLP

exports[`AppGrid.vue with mocked loadApps should be rendered properly 1`] = `
<div>
  <section id="app-grid">
    <p class="app-grid__title">some specific text</p>
    <div class="app-grid__content"></div>
  </section>
  <unnnicmodal-stub text="some specific text" scheme="feedback-green" modal-icon="check-circle-1-1"><span>some specific text</span>
    <unnnicbutton-stub type="terciary">some specific text</unnnicbutton-stub>
    <unnnicbutton-stub type="primary">
      some specific text
    </unnnicbutton-stub>
  </unnnicmodal-stub>
</div>
`;
