// Jest Snapshot v1, https://goo.gl/fbAQLP

exports[`components/TemplateDetails/Summary.vue should be rendered properly 1`] = `
<div class="whatsapp_template_summary">
  <div class="whatsapp_template_summary__title">
    <div class="whatsapp_template_summary__title__main">Visão geral do desempenho</div>
    <div class="whatsapp_template_summary__title__subtitle">últimos 7 dias</div>
  </div>
  <div class="whatsapp_template_summary__main">
    <div class="whatsapp_template_summary__main__card">
      <div class="whatsapp_template_summary__main__card__title">
        Mensagens enviadas
        <unnnic-icon icon="info" size="sm" filled="" scheme="neutral-cleanest"></unnnic-icon>
      </div>
      <div class="whatsapp_template_summary__main__card__value">51</div>
    </div>
    <div class="whatsapp_template_summary__main__card">
      <div class="whatsapp_template_summary__main__card__title">
        Mensagens entregues
        <unnnic-icon icon="info" size="sm" filled="" scheme="neutral-cleanest"></unnnic-icon>
      </div>
      <div class="whatsapp_template_summary__main__card__value">51</div>
    </div>
    <div class="whatsapp_template_summary__main__card">
      <div class="whatsapp_template_summary__main__card__title">
        Mensagens lidas
        <unnnic-icon icon="info" size="sm" filled="" scheme="neutral-cleanest"></unnnic-icon>
      </div>
      <div class="whatsapp_template_summary__main__card__value">
        30 (58%)
      </div>
    </div>
  </div>
  <div class="whatsapp_template_summary__quality">
    <div class="whatsapp_template_summary__quality__title">
      <div class="whatsapp_template_summary__title__main">Visão geral da qualidade</div>
      <div class="whatsapp_template_summary__title__subtitle">
        Últimos dias
      </div>
    </div>
    <div class="whatsapp_template_summary__quality__status">
      <div class="whatsapp_template_summary__quality__status__level">
        <div class="whatsapp_template_summary__quality__status__level__title">Nível atual</div>
        <div class="whatsapp_template_summary__quality__status__level__value">--</div>
      </div>
      <div class="whatsapp_template_summary__quality__status__blocked">
        <div class="whatsapp_template_summary__quality__status__blocked__title">
          Principal motivo do bloqueio
        </div>
        <div class="whatsapp_template_summary__quality__status__blocked__value">--</div>
      </div>
    </div>
  </div>
</div>
`;
