// Jest Snapshot v1, https://goo.gl/fbAQLP

exports[`components/config/ecommerce/vtex/ConnectCatalogModalContent.vue should be rendered properly 1`] = `
<div class="modal">
  <div slot="message" class="modal__content"><span class="modal__content__title">Basic informations</span>
    <div class="modal__content__form">
      <div data-v-48c0c241="" class="modal__content__form__input__name unnnic-form md">
        <p data-v-48c0c241="" class="unnnic-form__label">Catalog name</p>
        <div data-v-400546b3="" data-v-48c0c241="" class="unnnic-form-input text-input size--md" v-bind="[object Object]" mask=""><input data-v-97b44e8c="" data-v-400546b3="" type="text" size="0" v-bind="[object Object]" placeholder="Ex: Weekly offers" class="input-itself input size-md normal">
          <!---->
          <!---->
        </div>
        <!---->
      </div> <span class="modal__content__form__footer">By creating a catalog, you agree to the <a class="link" target="_blank" href="https://google.com"><b>Catalog Manager Terms</b></a> and confirm that you follow <a class="link" target="_blank" href="https://google.com"><b>Facebook's Advertising Policies</b></a>. Please review these policies and confirm that the items you upload to your catalog comply with them.</span>
    </div>
  </div>
  <div class="modal__buttons"><button data-v-2d9f2cbf="" class="unnnic-button unnnic-button--size-large unnnic-button--tertiary" slot="options">
      <!---->
      <!---->
      <!----><span data-v-2d9f2cbf="" class="unnnic-button__label">
      Cancel
      </span>
      <!----></button> <button data-v-2d9f2cbf="" class="unnnic-button unnnic-button--size-large unnnic-button--primary" slot="options">
      <!---->
      <!---->
      <!----><span data-v-2d9f2cbf="" class="unnnic-button__label">
      Continue
      </span>
      <!----></button></div>
</div>
`;
