// Jest Snapshot v1, https://goo.gl/fbAQLP

exports[`components/config/channels/wpp_demo/Preview.vue should be rendered properly 1`] = `
<div class="app-preview-wpp_demo">
  <div class="app-preview-wpp_demo__header">
    <div class="app-preview-wpp_demo__header__title">
      <div class="app-preview-wpp_demo__header__title__icon-container"><img src="https://weni-sp-push-dev.s3.sa-east-1.amazonaws.com/svg/logo-wwc.svg" class="app-preview-wpp_demo__header__title__icon-container__icon"></div>
      <div class="app-preview-wpp_demo__header__title__name">Weni Web Chat</div>
    </div>
    <div class="app-preview-wpp_demo__header__description">
      some specific text
    </div>
  </div>
  <div class="app-preview-wpp_demo__settings__content">
    <div class="app-preview-wpp_demo__settings__content__qr"><img src="https://api.qrserver.com/v1/create-qr-code/?size=120x120&amp;data=null"></div>
    <unnnic-data-area-stub hovertext="">
      <div class="app-preview-wpp_demo__settings__content__input__buttons">
        <unnnicbutton-stub size="large" type="primary" iconcenter="copy-paste-1" class="app-preview-wpp_demo__settings__content__input__buttons--copy"></unnnicbutton-stub>
        <unnnicbutton-stub size="large" type="primary" iconcenter="export-1" class="app-preview-wpp_demo__settings__content__input__buttons--open"></unnnicbutton-stub>
      </div>
    </unnnic-data-area-stub>
  </div>
  <div class="app-preview-wpp_demo__settings__buttons">
    <unnnicbutton-stub size="large" text="some specific text" type="tertiary" class="app-preview-wpp_demo__settings__buttons__cancel"></unnnicbutton-stub>
  </div>
</div>
`;
