// Jest Snapshot v1, https://goo.gl/fbAQLP

exports[`AppDetails.vue should be rendered properly 1`] = `
<div class="app-details">
  <navigator-stub routes="[object Object],[object Object]" class="app-details__navigator"></navigator-stub>
  <appimagesbanner-stub class="app-details__section"></appimagesbanner-stub>
  <appdetailsheader-stub title="Weni Web Chat" description="Ullamco occaecat et id cillum." icon="https://weni-sp-push-dev.s3.sa-east-1.amazonaws.com/svg/logo-wwc.svg" iconbgcolor="#00DED333" class="app-details__section"></appdetailsheader-stub>
  <unnnicbanner-stub type="info" firsttitle="Version" firstdescription="0" secondtitle="Integrated into" seconddescription="0" subtitle="organizations" thirdtitle="Classification" thirddescription="4.9" rating="4.9"></unnnicbanner-stub>
  <div class="app-details__section app-details__section__columns">
    <appdetailsabout-stub description="Ullamco occaecat et id cillum. Amet exercitation nisi amet fugiat mollit minim est. Officia in enim amet ipsum Lorem velit sint pariatur sunt magna cupidatat. Magna non ea qui nisi ut.s" links=""></appdetailsabout-stub>
    <appdetailsrecommended-stub class="app-details__section__columns__recommended"></appdetailsrecommended-stub>
  </div>
  <appdetailscomments-stub></appdetailscomments-stub>
</div>
`;
