// Jest Snapshot v1, https://goo.gl/fbAQLP

exports[`Insights/index.vue should be rendered properly 1`] = `
<div class="wpp_insights">
  <!---->
  <!---->
  <div class="wpp_insights__filters">
    <div class="wpp_insights__filters__time">
      <div class="wpp_insights__filters__time__title">
        some specific text
      </div>
      <div class="wpp_insights__filters__time__select">
        <unnnicinputdatepicker-stub value="[object Object]" type="day" size="md" cleartext="Clear" actiontext="Filter" format="MM-DD-YYYY" inputformat="MM-DD-YYYY" position="left"></unnnicinputdatepicker-stub>
      </div>
    </div>
    <div class="wpp_insights__filters__model">
      <div class="wpp_insights__filters__model__title">
        some specific text
      </div>
      <div class="wpp_insights__filters__model__select">
        <unnnicselectsmart-stub options="[object Object],[object Object]" value="[object Object]" size="md" type="normal" disabled="true" multiple="true" multiplewithoutselectsmessage=""></unnnicselectsmart-stub>
      </div>
    </div>
  </div>
  <div class="wpp_insights__content">
    <!---->
    <div class="wpp_insights__content__active">
      <div class="wpp_insights__content__active__chart">
        <!---->
        <!---->
        <!---->
        <unnnicchartmultiline-stub fixedmaxvalue="NaN" data="[object Object],[object Object],[object Object]" title="some specific text"></unnnicchartmultiline-stub>
      </div>
    </div>
  </div>
  <div class="wpp_insights__modal">
    <unnnicmodal-stub closeicon="true">
      <div class="wpp_insights__modal__title"><img src="../../assets/svgs/amazoninha-heart.svg" alt="">
        <p>some specific text</p>
      </div>
      <div class="wpp_insights__modal__content">
        <p class="wpp_insights__modal__content__dark">
          some specific text
        </p>
        <p>
          some specific text
        </p>
        <p>
          some specific text
        </p>
      </div>
      <div class="wpp_insights__modal__buttons">
        <unnnicbutton-stub size="large" text="some specific text" type="secondary" style="width: 289px;"></unnnicbutton-stub>
        <unnnicbutton-stub size="large" text="some specific text" type="primary" style="width: 289px;"></unnnicbutton-stub>
      </div>
    </unnnicmodal-stub>
  </div>
</div>
`;
