// Jest Snapshot v1, https://goo.gl/fbAQLP

exports[`MyApps.vue should be rendered properly 1`] = `
<div class="my-apps">
  <unnnic-autocomplete-stub type="normal" data="Weni Web Chat - Chat Title,A random generic,Weni Web Chat - Chat Title,A random generic" value="" iconleft="search-1" tooltipsideiconright="right" size="md" placeholder="some specific text" class="my-apps__search"></unnnic-autocomplete-stub>
  <!---->
  <div class="my-apps__sections">
    <div class="my-apps__sections__grids">
      <div>
        <section id="app-grid">
          <div class="app-grid__header">
            <unnnic-avatar-icon-stub enabled="true" icon="cog-1" size="sm" scheme="aux-purple"></unnnic-avatar-icon-stub>
            <p class="app-grid__header__title">some specific text</p>
          </div>
          <div class="app-grid__content">
            <unnnic-card-stub type="marketplace" title="Weni Web Chat - Chat Title" description="some specific text" percent="0" rating="4.9" comments="undefined some specific text" enabled="true" iconsrc="https://weni-sp-push-dev.s3.sa-east-1.amazonaws.com/svg/logo-wwc.svg" infoposition="right" hasinformationicon="true" scheme="aux-blue" clickable="true" typeaction="edit" buttonaction="[Function]" class="app-grid__content__item">
              <unnnic-dropdown-stub position="bottom-left" class="app-grid__content__item__dropdown">
                <unnnic-button-stub size="small" type="tertiary" iconcenter="navigation-menu-vertical-1"></unnnic-button-stub>
                <unnnic-dropdown-item-stub class="app-grid__content__item__button--action">
                  <unnnic-icon-svg-stub icon="pencil-write-1" size="sm" scheme="neutral-darkest"></unnnic-icon-svg-stub>
                  Edit
                </unnnic-dropdown-item-stub>
                <unnnic-dropdown-item-stub class="app-grid__content__item__button--details">
                  <unnnic-icon-svg-stub icon="export-1" size="sm" scheme="neutral-darkest"></unnnic-icon-svg-stub>
                  some specific text
                </unnnic-dropdown-item-stub>
                <unnnic-dropdown-item-stub class="app-grid__content__item__button--details">
                  <unnnic-icon-svg-stub icon="copy-paste-1" size="sm" scheme="neutral-darkest"></unnnic-icon-svg-stub>
                  some specific text
                </unnnic-dropdown-item-stub>
                <unnnic-dropdown-item-stub class="app-grid__content__item__button--remove">
                  <unnnic-icon-svg-stub icon="bin-1-1" size="sm" scheme="feedback-red"></unnnic-icon-svg-stub>
                  some specific text
                </unnnic-dropdown-item-stub>
              </unnnic-dropdown-stub>
            </unnnic-card-stub>
            <unnnic-card-stub type="marketplace" title="A random generic - undefined" description="Ullamco occaecat et id cillum." percent="0" rating="4.9" comments="undefined some specific text" enabled="true" infoposition="right" hasinformationicon="true" scheme="aux-blue" clickable="true" typeaction="edit" buttonaction="[Function]" class="app-grid__content__item">
              <unnnic-dropdown-stub position="bottom-left" class="app-grid__content__item__dropdown">
                <unnnic-button-stub size="small" type="tertiary" iconcenter="navigation-menu-vertical-1"></unnnic-button-stub>
                <unnnic-dropdown-item-stub class="app-grid__content__item__button--action">
                  <unnnic-icon-svg-stub icon="pencil-write-1" size="sm" scheme="neutral-darkest"></unnnic-icon-svg-stub>
                  Edit
                </unnnic-dropdown-item-stub>
                <unnnic-dropdown-item-stub class="app-grid__content__item__button--details">
                  <unnnic-icon-svg-stub icon="export-1" size="sm" scheme="neutral-darkest"></unnnic-icon-svg-stub>
                  some specific text
                </unnnic-dropdown-item-stub>
                <unnnic-dropdown-item-stub class="app-grid__content__item__button--details">
                  <unnnic-icon-svg-stub icon="copy-paste-1" size="sm" scheme="neutral-darkest"></unnnic-icon-svg-stub>
                  some specific text
                </unnnic-dropdown-item-stub>
                <unnnic-dropdown-item-stub class="app-grid__content__item__button--remove">
                  <unnnic-icon-svg-stub icon="bin-1-1" size="sm" scheme="feedback-red"></unnnic-icon-svg-stub>
                  some specific text
                </unnnic-dropdown-item-stub>
              </unnnic-dropdown-stub>
            </unnnic-card-stub>
          </div>
          <!---->
        </section>
        <unnnic-modal-stub text="some specific text" modalicon="alert-circle-1" closeicon="true" scheme="feedback-red"><span>some specific text</span>
          <unnnic-button-stub size="large" type="tertiary">some specific text</unnnic-button-stub>
          <loadingbutton-stub type="primary" size="large" loadingtext="some specific text" loadingposition="left" text="some specific text"></loadingbutton-stub>
        </unnnic-modal-stub>
        <config-modal-stub></config-modal-stub>
      </div>
      <div>
        <section id="app-grid">
          <div class="app-grid__header">
            <unnnic-avatar-icon-stub enabled="true" icon="check-circle-1-1" size="sm" scheme="aux-blue"></unnnic-avatar-icon-stub>
            <p class="app-grid__header__title">some specific text</p>
          </div>
          <div class="app-grid__content">
            <unnnic-card-stub type="marketplace" title="Weni Web Chat" description="some specific text" percent="0" rating="4.9" comments="undefined some specific text" enabled="true" iconsrc="https://weni-sp-push-dev.s3.sa-east-1.amazonaws.com/svg/logo-wwc.svg" infoposition="right" hasinformationicon="true" scheme="aux-blue" clickable="true" typeaction="config" buttonaction="[Function]" class="app-grid__content__item">
              <unnnic-dropdown-stub position="bottom-left" class="app-grid__content__item__dropdown">
                <unnnic-button-stub size="small" type="tertiary" iconcenter="navigation-menu-vertical-1"></unnnic-button-stub>
                <unnnic-dropdown-item-stub class="app-grid__content__item__button--action">
                  <unnnic-icon-svg-stub icon="cog-1" size="sm" scheme="neutral-darkest"></unnnic-icon-svg-stub>
                  Configure
                </unnnic-dropdown-item-stub>
                <unnnic-dropdown-item-stub class="app-grid__content__item__button--details">
                  <unnnic-icon-svg-stub icon="export-1" size="sm" scheme="neutral-darkest"></unnnic-icon-svg-stub>
                  some specific text
                </unnnic-dropdown-item-stub>
                <unnnic-dropdown-item-stub class="app-grid__content__item__button--details">
                  <unnnic-icon-svg-stub icon="copy-paste-1" size="sm" scheme="neutral-darkest"></unnnic-icon-svg-stub>
                  some specific text
                </unnnic-dropdown-item-stub>
                <unnnic-dropdown-item-stub class="app-grid__content__item__button--remove">
                  <unnnic-icon-svg-stub icon="bin-1-1" size="sm" scheme="feedback-red"></unnnic-icon-svg-stub>
                  some specific text
                </unnnic-dropdown-item-stub>
              </unnnic-dropdown-stub>
            </unnnic-card-stub>
            <unnnic-card-stub type="marketplace" title="A random generic" description="Ullamco occaecat et id cillum." percent="0" rating="4.9" comments="undefined some specific text" enabled="true" infoposition="right" hasinformationicon="true" scheme="aux-blue" clickable="true" typeaction="config" buttonaction="[Function]" class="app-grid__content__item">
              <unnnic-dropdown-stub position="bottom-left" class="app-grid__content__item__dropdown">
                <unnnic-button-stub size="small" type="tertiary" iconcenter="navigation-menu-vertical-1"></unnnic-button-stub>
                <unnnic-dropdown-item-stub class="app-grid__content__item__button--action">
                  <unnnic-icon-svg-stub icon="cog-1" size="sm" scheme="neutral-darkest"></unnnic-icon-svg-stub>
                  Configure
                </unnnic-dropdown-item-stub>
                <unnnic-dropdown-item-stub class="app-grid__content__item__button--details">
                  <unnnic-icon-svg-stub icon="export-1" size="sm" scheme="neutral-darkest"></unnnic-icon-svg-stub>
                  some specific text
                </unnnic-dropdown-item-stub>
                <unnnic-dropdown-item-stub class="app-grid__content__item__button--details">
                  <unnnic-icon-svg-stub icon="copy-paste-1" size="sm" scheme="neutral-darkest"></unnnic-icon-svg-stub>
                  some specific text
                </unnnic-dropdown-item-stub>
                <unnnic-dropdown-item-stub class="app-grid__content__item__button--remove">
                  <unnnic-icon-svg-stub icon="bin-1-1" size="sm" scheme="feedback-red"></unnnic-icon-svg-stub>
                  some specific text
                </unnnic-dropdown-item-stub>
              </unnnic-dropdown-stub>
            </unnnic-card-stub>
          </div>
          <!---->
        </section>
        <unnnic-modal-stub text="some specific text" modalicon="alert-circle-1" closeicon="true" scheme="feedback-red"><span>some specific text</span>
          <unnnic-button-stub size="large" type="tertiary">some specific text</unnnic-button-stub>
          <loadingbutton-stub type="primary" size="large" loadingtext="some specific text" loadingposition="left" text="some specific text"></loadingbutton-stub>
        </unnnic-modal-stub>
        <config-modal-stub></config-modal-stub>
      </div>
    </div>
  </div>
</div>
`;
