// Jest Snapshot v1, https://goo.gl/fbAQLP

exports[`whatsapp/components/tabs/AccountTab.vue should be rendered properly 1`] = `
<div class="account-tab">
  <div class="account-tab__content">
    <div class="account-tab__content__info">
      <div class="account-tab__content__info__templates">
        <div class="account-tab__content__info__templates__buttons">
          <div class="account-tab__content__info__templates__buttons__title">
            Templates
          </div>
          <unnnicbutton-stub type="alternative" size="small" scheme="feedback-green" class="account-tab__content__info__templates__buttons__button">
            See my templates
          </unnnicbutton-stub>
        </div>
        <div class="account-tab__content__info__templates__buttons">
          <div class="account-tab__content__info__templates__buttons__title">
            Catalog
          </div>
          <unnnicbutton-stub type="primary" size="small" class="account-tab__content__info__templates__buttons__button">
            View list of catalogs
          </unnnicbutton-stub>
        </div>
      </div>
      <div class="account-tab__content__info__qr">
        <div class="account-tab__content__info__qr__title">
          WhatsApp Link
        </div>
        <div class="account-tab__content__info__qr__wrapper"><img src="https://api.qrserver.com/v1/create-qr-code/?size=74x74&amp;data=https://wa.me/5511999999999" class="account-tab__content__info__qr__img">
          <div class="account-tab__content__info__qr__content"><span class="account-tab__content__info__qr__content__info">To access the link, scan the QR Code or click the button below</span>
            <unnnicbutton-stub type="secondary" text="Access link" iconleft="export-1" size="small" class="account-tab__content__info__qr__content__button"></unnnicbutton-stub>
          </div>
        </div>
      </div>
    </div>
    <div class="account-tab__content__section">
      <div class="account-tab__content__section__title"><span class="account-tab__content__section__title__name">
          WhatsApp Channel
        </span></div>
      <div class="account-tab__content__section__field">
        <div class="account-tab__content__section__field__key">
          Phone number
        </div>
        <div class="account-tab__content__section__field__value">
          +5511999999999
        </div>
      </div>
      <div class="account-tab__content__section__field">
        <div class="account-tab__content__section__field__key">
          WhatsApp Display Name
        </div>
        <div class="account-tab__content__section__field__value">
          Number Name
        </div>
      </div>
      <div class="account-tab__content__section__field">
        <div class="account-tab__content__section__field__key">
          Default Language for templates
        </div>
        <div class="account-tab__content__section__field__value">
          -
        </div>
      </div>
      <div class="account-tab__content__section__field">
        <div class="account-tab__content__section__field__key">
          Certificate
        </div>
        <div class="account-tab__content__section__field__value">
          N/A
        </div>
      </div>
      <div class="account-tab__content__section__field">
        <div class="account-tab__content__section__field__key">
          Consent Status
        </div>
        <div class="account-tab__content__section__field__value">
          -
        </div>
      </div>
    </div>
    <div class="account-tab__content__section">
      <div class="account-tab__content__section__title"><span class="account-tab__content__section__title__name">
          WhatsApp Business Account (WABA)
        </span></div>
      <div class="account-tab__content__section__field">
        <div class="account-tab__content__section__field__key">
          WABA Name
        </div>
        <div class="account-tab__content__section__field__value">
          Waba name
        </div>
      </div>
      <div class="account-tab__content__section__field">
        <div class="account-tab__content__section__field__key">
          Message on Behalf Name
        </div>
        <div class="account-tab__content__section__field__value">
          on behalf name
        </div>
      </div>
      <div class="account-tab__content__section__field">
        <div class="account-tab__content__section__field__key">
          Timezone ID
        </div>
        <div class="account-tab__content__section__field__value">
          America/Sao_Paulo
        </div>
      </div>
      <div class="account-tab__content__section__field">
        <div class="account-tab__content__section__field__key">
          WABA ID
        </div>
        <div class="account-tab__content__section__field__value">
          123
        </div>
      </div>
      <div class="account-tab__content__section__field">
        <div class="account-tab__content__section__field__key">
          Namespace
        </div>
        <div class="account-tab__content__section__field__value">
          123123123123123
        </div>
      </div>
    </div>
  </div>
</div>
`;
