// Jest Snapshot v1, https://goo.gl/fbAQLP

exports[`whatsapp/components/tabs/AccountTab.vue should be rendered properly 1`] = `
<div class="account-tab">
  <div class="account-tab__content">
    <div class="account-tab__content__info">
      <div class="account-tab__content__info__account">
        <div class="account-tab__content__info__account__title">
          some specific text
        </div>
        <div class="account-tab__content__info__account__name">
          <unnniciconsvg-stub icon="single-neutral-2" scheme="neutral-cloudy" size="sm" class="account-tab__content__info__account__name__icon"></unnniciconsvg-stub>
          <div class="account-tab__content__info__account__name__text">
            Number Name
          </div>
        </div>
        <div class="account-tab__content__info__account__business">
          Waba name
        </div>
      </div>
      <div class="account-tab__content__info__qr">
        <div class="account-tab__content__info__qr__title">
          some specific text
        </div> <img src="https://api.qrserver.com/v1/create-qr-code/?size=120x120&amp;data=https://wa.me/5511999999999" class="account-tab__content__info__qr__img">
        <unnnicinput-stub value="https://wa.me/5511999999999" iconright="export-1" iconrightclickable="true" readonly="" class="account-tab__content__info__qr__url"></unnnicinput-stub>
      </div>
    </div>
    <div>
      <div class="account-tab__content__section">
        <div class="account-tab__content__section__title"><span class="account-tab__content__section__title__name">
            some specific text
          </span></div>
        <div class="account-tab__content__section__field">
          <div class="account-tab__content__section__field__key">
            some specific text
          </div>
          <div class="account-tab__content__section__field__value">
            +5511999999999
          </div>
        </div>
        <div class="account-tab__content__section__field">
          <div class="account-tab__content__section__field__key">
            some specific text
          </div>
          <div class="account-tab__content__section__field__value">
            Number Name
          </div>
        </div>
        <div class="account-tab__content__section__field">
          <div class="account-tab__content__section__field__key">
            some specific text
          </div>
          <div class="account-tab__content__section__field__value">
            -
          </div>
        </div>
        <div class="account-tab__content__section__field">
          <div class="account-tab__content__section__field__key">
            some specific text
          </div>
          <div class="account-tab__content__section__field__value">
            N/A
          </div>
        </div>
        <div class="account-tab__content__section__field">
          <div class="account-tab__content__section__field__key">
            some specific text
          </div>
          <div class="account-tab__content__section__field__value">
            -
          </div>
        </div>
      </div>
      <div class="account-tab__content__section">
        <div class="account-tab__content__section__title"><span class="account-tab__content__section__title__name">
            some specific text
          </span></div>
        <div class="account-tab__content__section__field">
          <div class="account-tab__content__section__field__key">
            some specific text
          </div>
          <div class="account-tab__content__section__field__value">
            Waba name
          </div>
        </div>
        <div class="account-tab__content__section__field">
          <div class="account-tab__content__section__field__key">
            some specific text
          </div>
          <div class="account-tab__content__section__field__value">
            on behalf name
          </div>
        </div>
        <div class="account-tab__content__section__field">
          <div class="account-tab__content__section__field__key">
            some specific text
          </div>
          <div class="account-tab__content__section__field__value">
            America/Sao_Paulo
          </div>
        </div>
        <div class="account-tab__content__section__field">
          <div class="account-tab__content__section__field__key">
            some specific text
          </div>
          <div class="account-tab__content__section__field__value">
            123
          </div>
        </div>
        <div class="account-tab__content__section__field">
          <div class="account-tab__content__section__field__key">
            some specific text
          </div>
          <div class="account-tab__content__section__field__value">
            123123123123123
          </div>
        </div>
      </div>
    </div>
  </div>
  <unnnicbutton-stub type="secondary" size="large" text="some specific text" class="account-tab__close-button"></unnnicbutton-stub>
</div>
`;
