// Jest Snapshot v1, https://goo.gl/fbAQLP

exports[`AppDetailsComments.vue should be rendered properly 1`] = `
<div class="app-details-comments">
  <div class="app-details-comments__header">
    some specific text
  </div>
  <div class="app-details-comments__input unnnic-form" placeholder="some specific text">
    <!---->
    <div data-v-ea26bad8="" class="unnnic-form-input unnnic-form has-icon" v-bind="[object Object]" mask=""><input data-v-ea26bad8="" size="0" type="text" v-bind="[object Object]" placeholder="some specific text" class="unnnic-form__input unnnic-form__input--size-md has-icon-right">
      <!---->
      <unnniciconsvg-stub data-v-ea26bad8="" icon="send-email-3-1" clickable="true" size="sm" scheme="neutral-cloudy" class="icon-right"></unnniciconsvg-stub>
    </div>
    <!---->
  </div>
  <!---->
</div>
`;
