// Jest Snapshot v1, https://goo.gl/fbAQLP

exports[`AppDetailsComments.vue should be rendered properly 1`] = `
<div class="app-details-recommended">
  <div class="app-details-recommended__header">
    <div class="app-details-recommended__header__title">some specific text</div>
    <div class="app-details-recommended__header__buttons">
      <unnnicbutton-stub type="terciary" icon-center="arrow-left-1-1" size="small" class="app-details-recommended__header__buttons__prev"></unnnicbutton-stub>
      <unnnicbutton-stub type="terciary" icon-center="arrow-right-1-1" size="small" class="app-details-recommended__header__buttons__next"></unnnicbutton-stub>
    </div>
  </div>
  <unnniccard-stub type="marketplace" title="Slack" description="Ex enim voluptate mollit sit irure ut officia elit. Officia aliqua velit exercitation nisi et. Enim qui mollit ullamco eu occaecat nulla sunt velit eu proident ipsum veniam. Est enim magna nisi deserunt. Est fugiat enim cillum ipsum ipsum ex consequat cillum." icon="https://weni-sp-push-dev.s3.sa-east-1.amazonaws.com/svg/slack+1.svg" id="5" comments="2 some specific text" rating="4.1" iconsrc="https://weni-sp-push-dev.s3.sa-east-1.amazonaws.com/svg/slack+1.svg" typeaction="add" clickable="" class="app-details-recommended__card"></unnniccard-stub>
</div>
`;
