// Vitest Snapshot v1, https://vitest.dev/guide/snapshot.html

exports[`DynamicForm.vue > should be rendered properly 1`] = `
<div
  class="dynamic-form"
  data-v-bba834d0=""
>
  
  <div
    class="dynamic-form__fields"
    data-v-bba834d0=""
  >
    <unnnic-input-stub
      allowtogglepassword="false"
      class="dynamic-form__fields__input"
      data-v-bba834d0=""
      disabled="false"
      errors=""
      forceactivestatus="false"
      hascloudycolor="false"
      iconleft=""
      iconleftclickable="false"
      iconright=""
      iconrightclickable="false"
      label="input"
      mask=""
      message=""
      nativetype="text"
      placeholder=""
      showclear="false"
      showmaxlengthcounter="false"
      size="md"
      tooltip=""
      type="normal"
    />
    <!--v-if-->
  </div>
  <div
    class="dynamic-form__fields"
    data-v-bba834d0=""
  >
    <!--v-if-->
    <div
      data-v-bba834d0=""
    >
      <unnnic-label-stub
        data-v-bba834d0=""
        label="select"
        tooltip=""
        usehtmltooltip="false"
      />
      <unnnic-select-smart-stub
        autocomplete="false"
        autocompleteclearonfocus="false"
        autocompleteiconleft="false"
        data-v-bba834d0=""
        disableinternalfilter="false"
        enablesearchbyvalue="false"
        infinitescroll="false"
        infinitescrollcanloadmore="[Function]"
        infinitescrolldistance="10"
        isloading="false"
        multiple="false"
        multiplewithoutselectsmessage=""
        options="[object Object],[object Object]"
        orderedbyindex="false"
        selectfirst="true"
        size="md"
        type="normal"
      />
    </div>
  </div>
  
</div>
`;
