// Jest Snapshot v1, https://goo.gl/fbAQLP

exports[`components/config/channels/facebook/Setup.vue should be rendered properly 1`] = `
<div>
  <unnnicmodal-stub text="Want to connect to Facebook?" modalicon="social-media-facebook-1" showmodal="true" class="facebook-setup facebook-icon">
    <div><span>Follow the steps in the <a href="https://docs.weni.ai/l/en/settings/adding-a-facebook-channel" target="_blank" class="link">documentation</a> before proceeding with your <strong>Facebook</strong> integration</span></div>
    <div>
      <div class="facebook-setup__buttons">
        <unnnicbutton-stub size="large" text="Cancel" type="terciary" class="facebook-setup__buttons__cancel"></unnnicbutton-stub>
        <loadingbutton-stub type="secondary" size="large" loadingposition="left" text="Connect" class="facebook-setup__buttons__start"></loadingbutton-stub>
      </div>
    </div>
  </unnnicmodal-stub>
</div>
`;

exports[`components/config/channels/facebook/Setup.vue should be rendered properly on page selections stage 1`] = `
<div>
  <unnnicmodal-stub text="Want to connect to Facebook?" modalicon="social-media-facebook-1" showmodal="true" class="page-selection facebook-icon">
    <div class="page-selection__select"><span>Add a <strong>Facebook</strong> business account page</span>
      <unnnicselect-stub searchiconleft="search-1" size="sm" type="normal" placeholder=""></unnnicselect-stub>
    </div>
    <div class="page-selection__buttons">
      <unnnicbutton-stub size="large" text="Connect later" type="terciary" class="page-selection__buttons__cancel"></unnnicbutton-stub>
      <loadingbutton-stub type="secondary" size="large" loadingtext="Loading" loadingposition="left" text="Create channel" class="page-selection__buttons__save"></loadingbutton-stub>
    </div>
  </unnnicmodal-stub>
</div>
`;
