// Vitest Snapshot v1, https://vitest.dev/guide/snapshot.html

exports[`Config.vue > matches the snapshot 1`] = `
"<div data-v-e4619b51="" class="app-config-facebook">
  <div data-v-e4619b51="" class="app-config-facebook__header">
    <div data-v-e4619b51="" class="app-config-facebook__header__title">
      <div data-v-e4619b51="" class="app-config-facebook__header__title__icon-container"><img data-v-e4619b51="" class="app-config-facebook__header__title__icon-container__icon" src="https://example.com/facebook-icon.png"></div>
      <div data-v-e4619b51="" class="app-config-facebook__header__title__name">Facebook Page</div>
    </div>
  </div>
  <div data-v-e4619b51="" class="app-config-facebook__settings__content">
    <section data-v-a4b997a0="" data-v-e4619b51="" class="unnnic-label">
      <p data-v-a4b997a0="" class="unnnic-label__label">Your Facebook account is connected</p>
      <!---->
    </section>
    <div data-v-e4619b51="" class="app-config-facebook__settings__content__inputs">
      <section data-v-2d5913d6="" data-v-27c59990="" data-v-e4619b51="" class="unnnic-form-element unnnic-form-element--disabled unnnic-form md app-config-facebook__settings__content__inputs__name" data-testid="form-element">
        <!---->
        <div data-v-964b1ff1="" data-v-27c59990="" class="text-input size--md app-config-facebook__settings__content__inputs__name unnnic-form-input" hascloudycolor="false" mask=""><input data-v-5c6d9ab7="" data-v-964b1ff1="" class="app-config-facebook__settings__content__inputs__name unnnic-form-input input-itself input size-md normal app-config-facebook__settings__content__inputs__name unnnic-form-input input-itself" hascloudycolor="false" placeholder="" iconleft="" iconright="" iconleftclickable="false" iconrightclickable="false" disabled="" type="text" value="Mock Page Name">
          <!---->
          <!---->
        </div>
        <!---->
      </section>
      <section data-v-2d5913d6="" data-v-27c59990="" data-v-e4619b51="" class="unnnic-form-element unnnic-form-element--disabled unnnic-form md app-config-facebook__settings__content__inputs__id" data-testid="form-element">
        <!---->
        <div data-v-964b1ff1="" data-v-27c59990="" class="text-input size--md app-config-facebook__settings__content__inputs__id unnnic-form-input" hascloudycolor="false" mask=""><input data-v-5c6d9ab7="" data-v-964b1ff1="" class="app-config-facebook__settings__content__inputs__id unnnic-form-input input-itself input size-md normal app-config-facebook__settings__content__inputs__id unnnic-form-input input-itself" hascloudycolor="false" placeholder="" iconleft="" iconright="" iconleftclickable="false" iconrightclickable="false" disabled="" type="text" value="ID: 1234567890">
          <!---->
          <!---->
        </div>
        <!---->
      </section>
    </div>
  </div>
</div>"
`;
