// Vitest Snapshot v1, https://vitest.dev/guide/snapshot.html

exports[`Config.vue > matches the snapshot 1`] = `
"<div data-v-e4619b51="" class="app-config-facebook">
  <div data-v-e4619b51="" class="app-config-facebook__header">
    <div data-v-e4619b51="" class="app-config-facebook__header__title">
      <div data-v-e4619b51="" class="app-config-facebook__header__title__icon-container"><img data-v-e4619b51="" class="app-config-facebook__header__title__icon-container__icon" src="https://example.com/facebook-icon.png"></div>
      <div data-v-e4619b51="" class="app-config-facebook__header__title__name">Facebook Page</div>
    </div>
  </div>
  <div data-v-e4619b51="" class="app-config-facebook__settings__content">
    <section data-v-b52fcb11="" data-v-e4619b51="" class="unnnic-label">
      <p data-v-b52fcb11="" class="unnnic-label__label">Your Facebook account is connected</p>
      <!---->
    </section>
    <div data-v-e4619b51="" class="app-config-facebook__settings__content__inputs">
      <section data-v-61d29f44="" data-v-2dd04313="" data-v-e4619b51="" class="unnnic-form-element unnnic-form-element--disabled unnnic-form md app-config-facebook__settings__content__inputs__name" data-testid="form-element">
        <!---->
        <div data-v-227e7338="" data-v-2dd04313="" class="text-input size--md app-config-facebook__settings__content__inputs__name unnnic-form-input" hascloudycolor="false" mask=""><input data-v-043812be="" data-v-227e7338="" class="app-config-facebook__settings__content__inputs__name unnnic-form-input input-itself input size-md normal app-config-facebook__settings__content__inputs__name unnnic-form-input input-itself" hascloudycolor="false" placeholder="" iconleft="" iconright="" iconleftclickable="false" iconrightclickable="false" disabled="" showclear="false" type="text" value="Mock Page Name">
          <!---->
          <section data-v-227e7338="" class="icon-right-container">
            <!---->
            <!---->
          </section>
        </div>
        <!---->
      </section>
      <section data-v-61d29f44="" data-v-2dd04313="" data-v-e4619b51="" class="unnnic-form-element unnnic-form-element--disabled unnnic-form md app-config-facebook__settings__content__inputs__id" data-testid="form-element">
        <!---->
        <div data-v-227e7338="" data-v-2dd04313="" class="text-input size--md app-config-facebook__settings__content__inputs__id unnnic-form-input" hascloudycolor="false" mask=""><input data-v-043812be="" data-v-227e7338="" class="app-config-facebook__settings__content__inputs__id unnnic-form-input input-itself input size-md normal app-config-facebook__settings__content__inputs__id unnnic-form-input input-itself" hascloudycolor="false" placeholder="" iconleft="" iconright="" iconleftclickable="false" iconrightclickable="false" disabled="" showclear="false" type="text" value="ID: 1234567890">
          <!---->
          <section data-v-227e7338="" class="icon-right-container">
            <!---->
            <!---->
          </section>
        </div>
        <!---->
      </section>
    </div>
  </div>
</div>"
`;
