// Jest Snapshot v1, https://goo.gl/fbAQLP

exports[`components/whatsAppTemplates/FormTabContentFooter.vue should be rendered properly 1`] = `
<div class="form-tab-content-footer"><span class="form-tab-content-footer__title">
    Footer Text
  </span>
  <div data-v-24fcdb87="" class="form-tab-content-footer__input unnnic-text-area md normal">
    <!----><textarea data-v-24fcdb87="" maxlength="60"></textarea>
    <div data-v-24fcdb87="" class="helper"> 0/60 </div>
    <!---->
  </div>
</div>
`;
