// Jest Snapshot v1, https://goo.gl/fbAQLP

exports[`components/whatsAppTemplates/TableLanguageDropdown.vue should be rendered properly 1`] = `
<unnnicdropdown-stub position="bottom-left">
  <div class="template-language-dropdown">
    <unnniciconsvg-stub icon="check-circle-1-1-1" size="sm" scheme="feedback-green" class="template-language-dropdown__icon"></unnniciconsvg-stub>
    en_US
    <unnniciconsvg-stub icon="arrow-button-down-1" size="sm" class="template-language-dropdown__icon"></unnniciconsvg-stub>
  </div>
  <unnnicdropdownitem-stub class="template-language-dropdown__item">
    <unnniciconsvg-stub icon="check-circle-1-1-1" size="sm" scheme="feedback-green" class="template-language-dropdown__item__icon"></unnniciconsvg-stub>
    en_US
  </unnnicdropdownitem-stub>
  <unnnicdropdownitem-stub class="template-language-dropdown__item">
    <unnniciconsvg-stub icon="delete-2-1" size="sm" scheme="feedback-red" class="template-language-dropdown__item__icon"></unnniciconsvg-stub>
    pt_BR
  </unnnicdropdownitem-stub>
</unnnicdropdown-stub>
`;
