// Vitest Snapshot v1, https://vitest.dev/guide/snapshot.html

exports[`Discovery > matches snapshot 1`] = `
"<div data-v-223130b3="" class="discovery-content">
  <unnnic-input data-v-223130b3="" modelvalue="" class="discovery-content__search" placeholder="Search" icon-left="search-1"></unnnic-input>
  <!--v-if-->
  <div data-v-223130b3="" class="discovery-content__grids">
    <div data-v-deb56cf9="" data-v-223130b3="">
      <section data-v-deb56cf9="" id="app-grid" maxlength="255" disabled="false">
        <!--v-if-->
        <div data-v-deb56cf9="" class="app-grid__content"></div>
        <!--v-if-->
      </section>
      <unnnic-modal data-v-deb56cf9="" showmodal="false" text="Remove Application" scheme="feedback-red" modal-icon="alert-circle-1"></unnnic-modal>
      <div data-v-7d3d5e15="" data-v-deb56cf9="">
        <transition-stub data-v-7d3d5e15="" name="fade" appear="false" persisted="false" css="true">
          <!--v-if-->
        </transition-stub>
        <unnnic-modal data-v-7d3d5e15="" showmodal="false" text="Cancel modifications" scheme="feedback-yellow" modal-icon="alert-circle-1"></unnnic-modal>
      </div>
    </div>
    <div data-v-deb56cf9="" data-v-223130b3="">
      <div data-v-ab3bf254="" data-v-deb56cf9="">
        <div data-v-ab3bf254="" class="title">
          <unnnic-skeleton-loading data-v-ab3bf254="" tag="div" width="40px" height="40px"></unnnic-skeleton-loading>
          <unnnic-skeleton-loading data-v-ab3bf254="" tag="div" width="208px" height="40px"></unnnic-skeleton-loading>
        </div>
        <div data-v-ab3bf254="" class="grid">
          <unnnic-skeleton-loading data-v-ab3bf254="" class="grid__item" tag="div" width="256px" height="200px"></unnnic-skeleton-loading>
          <unnnic-skeleton-loading data-v-ab3bf254="" class="grid__item" tag="div" width="256px" height="200px"></unnnic-skeleton-loading>
          <unnnic-skeleton-loading data-v-ab3bf254="" class="grid__item" tag="div" width="256px" height="200px"></unnnic-skeleton-loading>
          <unnnic-skeleton-loading data-v-ab3bf254="" class="grid__item" tag="div" width="256px" height="200px"></unnnic-skeleton-loading>
        </div>
      </div>
      <unnnic-modal data-v-deb56cf9="" showmodal="false" text="Remove Application" scheme="feedback-red" modal-icon="alert-circle-1"></unnnic-modal>
      <div data-v-7d3d5e15="" data-v-deb56cf9="">
        <transition-stub data-v-7d3d5e15="" name="fade" appear="false" persisted="false" css="true">
          <!--v-if-->
        </transition-stub>
        <unnnic-modal data-v-7d3d5e15="" showmodal="false" text="Cancel modifications" scheme="feedback-yellow" modal-icon="alert-circle-1"></unnnic-modal>
      </div>
    </div>
    <div data-v-deb56cf9="" data-v-223130b3="">
      <div data-v-ab3bf254="" data-v-deb56cf9="">
        <div data-v-ab3bf254="" class="title">
          <unnnic-skeleton-loading data-v-ab3bf254="" tag="div" width="40px" height="40px"></unnnic-skeleton-loading>
          <unnnic-skeleton-loading data-v-ab3bf254="" tag="div" width="208px" height="40px"></unnnic-skeleton-loading>
        </div>
        <div data-v-ab3bf254="" class="grid">
          <unnnic-skeleton-loading data-v-ab3bf254="" class="grid__item" tag="div" width="256px" height="200px"></unnnic-skeleton-loading>
          <unnnic-skeleton-loading data-v-ab3bf254="" class="grid__item" tag="div" width="256px" height="200px"></unnnic-skeleton-loading>
          <unnnic-skeleton-loading data-v-ab3bf254="" class="grid__item" tag="div" width="256px" height="200px"></unnnic-skeleton-loading>
          <unnnic-skeleton-loading data-v-ab3bf254="" class="grid__item" tag="div" width="256px" height="200px"></unnnic-skeleton-loading>
        </div>
      </div>
      <unnnic-modal data-v-deb56cf9="" showmodal="false" text="Remove Application" scheme="feedback-red" modal-icon="alert-circle-1"></unnnic-modal>
      <div data-v-7d3d5e15="" data-v-deb56cf9="">
        <transition-stub data-v-7d3d5e15="" name="fade" appear="false" persisted="false" css="true">
          <!--v-if-->
        </transition-stub>
        <unnnic-modal data-v-7d3d5e15="" showmodal="false" text="Cancel modifications" scheme="feedback-yellow" modal-icon="alert-circle-1"></unnnic-modal>
      </div>
    </div>
    <div data-v-deb56cf9="" data-v-223130b3="">
      <section data-v-deb56cf9="" id="app-grid" maxlength="255" disabled="false">
        <div data-v-deb56cf9="" class="app-grid__header">
          <unnnic-avatar-icon data-v-deb56cf9="" icon="bar_chart_4_bars" scheme="aux-red-500" filled="true" opacity="false" size="sm" class="app-grid__header__icon"></unnnic-avatar-icon>
          <p data-v-deb56cf9="" class="app-grid__header__title">BI Tools</p>
        </div>
        <div data-v-deb56cf9="" class="app-grid__content">
          <unnnic-card data-v-deb56cf9="" class="app-grid__content__item" type="marketplace" title="Power BI" description="Keep up with the growth of your project with the Power BI connector with the Weni Platform." comments="undefined comments" rating="0" iconsrc="/src/assets/logos/power_bi.png" typeaction="edit" clickable="true"></unnnic-card>
        </div>
        <!--v-if-->
      </section>
      <unnnic-modal data-v-deb56cf9="" showmodal="false" text="Remove Application" scheme="feedback-red" modal-icon="alert-circle-1"></unnnic-modal>
      <div data-v-7d3d5e15="" data-v-deb56cf9="">
        <transition-stub data-v-7d3d5e15="" name="fade" appear="false" persisted="false" css="true">
          <!--v-if-->
        </transition-stub>
        <unnnic-modal data-v-7d3d5e15="" showmodal="false" text="Cancel modifications" scheme="feedback-yellow" modal-icon="alert-circle-1"></unnnic-modal>
      </div>
    </div>
  </div>
  <!--v-if-->
</div>"
`;
