// Vitest Snapshot v1, https://vitest.dev/guide/snapshot.html

exports[`TemplateDetails > matches snapshot 1`] = `
"<div class="wpp_template_details">
  <!-- Header -->
  <div class="wpp_template_details__header">
    <div class="wpp_template_details__header__title">
      <div class="wpp_template_details__header__title__text"></div>
      <div class="wpp_template_details__header__about__title__tag">
        <unnnictag scheme="neutral-dark"></unnnictag>
      </div>
    </div>
    <div class="wpp_template_details__header__button">
      <unnnicbutton text="Edit template" type="secondary"></unnnicbutton>
    </div>
  </div><!-- Tabs -->
  <div class="wpp_template_details__tabs">
    <unnnictab initialtab="first" tabs="first"></unnnictab>
  </div>
</div>"
`;
