// Jest Snapshot v1, https://goo.gl/fbAQLP

exports[`TelegramConfig.vue should be rendered properly 1`] = `
<div class="app-config-telegram">
  <div class="app-config-telegram__header">
    <div class="app-config-telegram__header__title">
      <div class="app-config-telegram__header__title__icon-container"><img src="https://weni-sp-push-dev.s3.sa-east-1.amazonaws.com/svg/logo-wwc.svg" class="app-config-telegram__header__title__icon-container__icon"></div>
      <div class="app-config-telegram__header__title__name">Weni Web Chat</div>
    </div>
    <div class="app-config-telegram__header__description">
      Learn more about how to integrate Telegram
      <a href="https://docs.ilhasoft.mobi/l/pt/article/qzw2i2og1s-como-obter-o-token-de-um-bot-do-telegram#" target="_blank">
        here.
      </a>
    </div>
  </div>
  <div class="app-config-telegram__settings__content">
    <unnnic-input-stub type="normal" label="Token" tooltipsideiconright="right" size="md" mask=""></unnnic-input-stub>
  </div>
  <div class="app-config-telegram__settings__buttons">
    <unnnic-button-stub size="large" text="Cancel" type="terciary" class="app-config-telegram__settings__buttons__cancel"></unnnic-button-stub>
    <unnnic-button-stub size="large" text="Validate" type="secondary" class="app-config-telegram__settings__buttons__save"></unnnic-button-stub>
  </div>
</div>
`;
