// Jest Snapshot v1, https://goo.gl/fbAQLP

exports[`components/config/bi_tools/power_bi/Config.vue should be rendered properly 1`] = `
<div class="app-config-power-bi">
  <div class="app-config-power-bi__header">
    <div class="app-config-power-bi__header__title">
      <div class="app-config-power-bi__header__title__icon-container"><img class="app-config-power-bi__header__title__icon-container__icon"></div>
      <div class="app-config-power-bi__header__title__name">some specific text</div>
    </div> <span class="app-config-power-bi__header__description">
      some specific text
      <a href="https://docs.weni.ai/l/en/extras/weni-data-connector-for-power-bi" target="_blank" class="app-config-power-bi__header__description__link"><span>
          some specific text
          <unnnic-icon-svg-stub icon="export-1" size="xs" scheme=""></unnnic-icon-svg-stub></span></a></span>
  </div>
  <div class="app-config-power-bi__content">
    <unnnic-data-area-stub title="Token" text="" hovertext="" class="app-config-power-bi__content__token-input">
      <unnnic-tooltip-stub text="some specific text" enabled="true" side="top">
        <unnnic-button-stub size="small" type="secondary" iconcenter="copy-paste-1" class="app-config-power-bi__content__token-input__button"></unnnic-button-stub>
      </unnnic-tooltip-stub>
    </unnnic-data-area-stub>
    <div class="app-config-power-bi__content__download">
      <unnnic-label-stub label="some specific text" class="app-config-power-bi__content__download__label"></unnnic-label-stub>
      <unnnic-button-stub size="small" type="secondary" iconcenter="download-thick-bottom-1" class="app-config-power-bi__content__download__button"></unnnic-button-stub>
    </div>
    <div class="app-config-power-bi__content__download">
      <unnnic-label-stub label="some specific text" class="app-config-power-bi__content__download__label"></unnnic-label-stub>
      <unnnic-button-stub size="small" type="secondary" iconcenter="download-thick-bottom-1" class="app-config-power-bi__content__download__button"></unnnic-button-stub>
    </div>
  </div>
  <div class="app-config-power-bi__buttons">
    <unnnic-button-stub size="large" text="some specific text" type="secondary" class="app-config-power-bi__buttons__cancel"></unnnic-button-stub>
  </div>
</div>
`;
