// Jest Snapshot v1, https://goo.gl/fbAQLP

exports[`DynamicForm.vue should be rendered properly 1`] = `
<div class="dynamic-form">
  <div class="dynamic-form__fields">
    <unnnicinput-stub type="normal" label="input" class="dynamic-form__fields__input"></unnnicinput-stub>
  </div>
  <div class="dynamic-form__fields">
    <unnnicselect-stub placeholder="select" label="select">
      <option value="select1">
        select1
      </option>
      <option value="select2">
        select2
      </option>
    </unnnicselect-stub>
  </div>
</div>
`;
