// Vitest Snapshot v1, https://vitest.dev/guide/snapshot.html

exports[`AppGrid > matches snapshot 1`] = `
"<div data-v-deb56cf9="">
  <section data-v-deb56cf9="" id="app-grid" maxlength="255" disabled="false">
    <!--v-if-->
    <div data-v-deb56cf9="" class="app-grid__content"></div>
    <!--v-if-->
  </section>
  <unnnicmodal data-v-deb56cf9="" showmodal="false" text="Delete app" scheme="feedback-red" modalicon="alert-circle-1"></unnnicmodal>
  <div data-v-7d3d5e15="" data-v-deb56cf9="">
    <!--v-if-->
    <unnnicmodal data-v-7d3d5e15="" showmodal="false" text="Discard changes" scheme="feedback-yellow" modalicon="alert-circle-1"></unnnicmodal>
  </div>
</div>"
`;
