// Vitest Snapshot v1, https://vitest.dev/guide/snapshot.html

exports[`NavBar.vue > matches snapshot 1`] = `"<div data-v-61681749="" id="topnav"><a data-v-61681749="" href="/apps/discovery" class="link">Discovery</a><a data-v-61681749="" href="/apps/my" class="link">My apps</a><a data-v-61681749="" href="/apps/other-apps" class="link">Other apps</a></div>"`;
