// Jest Snapshot v1, https://goo.gl/fbAQLP

exports[`WhatsAppConfig.vue should be rendered properly 1`] = `
<div class="config-whatsapp">
  <div class="config-whatsapp__header">
    <div class="config-whatsapp__header__title">
      <div class="config-whatsapp__header__title__icon-container"><img src="https://weni-sp-push-dev.s3.sa-east-1.amazonaws.com/svg/logo-wwc.svg" class="config-whatsapp__header__title__icon-container__icon"></div>
      <div class="config-whatsapp__header__title__name">Weni Web Chat</div>
    </div>
    <div class="config-whatsapp__header__description">
      See how many conversations your account has exchanged in a given period.
    </div>
  </div>
  <div class="whatsapp-config-loading">
    <unnnictab-stub></unnnictab-stub>
    <div class="account">
      <unnnic-skeleton-loading-stub prefix="unnnic" count="1" duration="1.5" tag="div" width="100%" height="10vh"></unnnic-skeleton-loading-stub>
    </div>
    <div class="channel">
      <unnnic-skeleton-loading-stub prefix="unnnic" count="1" duration="1.5" tag="div" width="100%" height="30vh"></unnnic-skeleton-loading-stub>
    </div>
    <div class="waba">
      <unnnic-skeleton-loading-stub prefix="unnnic" count="1" duration="1.5" tag="div" width="100%" height="28vh"></unnnic-skeleton-loading-stub>
    </div>
    <unnnicbutton-stub size="large" text="Close" type="secondary" class="whatsapp-config-loading__button"></unnnicbutton-stub>
  </div>
</div>
`;
