// Jest Snapshot v1, https://goo.gl/fbAQLP

exports[`whatsapp/PhoneNumberSelection.vue should be rendered properly 1`] = `
<unnnicmodal-stub text="some specific text" modalicon="phone-3" closeicon="true" showmodal="true" scheme="feedback-green" class="phone-number-selection">
  <div>
    <unnnicselect-stub searchiconleft="search-1" size="sm" type="normal" placeholder="Select your phone number">
      <option>
        number ~ (123)
      </option>
    </unnnicselect-stub>
    <div class="phone-number-selection__buttons">
      <unnnicbutton-stub size="large" text="some specific text" type="terciary" class="phone-number-selection__buttons__cancel"></unnnicbutton-stub>
      <unnnicbutton-stub size="large" text="some specific text" type="terciary" class="phone-number-selection__buttons__save"></unnnicbutton-stub>
    </div>
  </div>
</unnnicmodal-stub>
`;
