// Jest Snapshot v1, https://goo.gl/fbAQLP

exports[`views/whatsAppTemplates/Form.vue should be rendered properly 1`] = `
<div class="templates-form">
  <div class="templates-form__content">
    <formheader-stub></formheader-stub>
    <formtabs-stub formmode="create" templateuuid=""></formtabs-stub>
  </div>
  <templatepreview-stub showtitle="true" class="templates-form__preview"></templatepreview-stub>
</div>
`;
